------------------------------------------------------------
TimeQuest Timing Analyzer Summary
------------------------------------------------------------

Type  : Slow Model Setup 'PLL0:inst2|altpll:altpll_component|_clk4'
Slack : 0.399
TNS   : 0.000

Type  : Slow Model Setup 'PLL0:inst2|altpll:altpll_component|_clk0'
Slack : 3.575
TNS   : 0.000

Type  : Slow Model Setup 'PLL0:inst2|altpll:altpll_component|_clk1'
Slack : 4.328
TNS   : 0.000

Type  : Slow Model Setup 'PLL0:inst2|altpll:altpll_component|_clk2'
Slack : 5.763
TNS   : 0.000

Type  : Slow Model Setup 'inst85'
Slack : 22.004
TNS   : 0.000

Type  : Slow Model Hold 'PLL0:inst2|altpll:altpll_component|_clk0'
Slack : 0.457
TNS   : 0.000

Type  : Slow Model Hold 'PLL0:inst2|altpll:altpll_component|_clk2'
Slack : 0.457
TNS   : 0.000

Type  : Slow Model Hold 'PLL0:inst2|altpll:altpll_component|_clk4'
Slack : 0.457
TNS   : 0.000

Type  : Slow Model Hold 'PLL0:inst2|altpll:altpll_component|_clk1'
Slack : 0.516
TNS   : 0.000

Type  : Slow Model Hold 'inst85'
Slack : 0.744
TNS   : 0.000

Type  : Slow Model Recovery 'PLL0:inst2|altpll:altpll_component|_clk4'
Slack : 0.536
TNS   : 0.000

Type  : Slow Model Recovery 'PLL0:inst2|altpll:altpll_component|_clk0'
Slack : 6.951
TNS   : 0.000

Type  : Slow Model Recovery 'PLL0:inst2|altpll:altpll_component|_clk2'
Slack : 7.623
TNS   : 0.000

Type  : Slow Model Recovery 'PLL0:inst2|altpll:altpll_component|_clk1'
Slack : 9.850
TNS   : 0.000

Type  : Slow Model Recovery 'inst85'
Slack : 11.726
TNS   : 0.000

Type  : Slow Model Removal 'PLL0:inst2|altpll:altpll_component|_clk0'
Slack : 0.838
TNS   : 0.000

Type  : Slow Model Removal 'PLL0:inst2|altpll:altpll_component|_clk1'
Slack : 1.121
TNS   : 0.000

Type  : Slow Model Removal 'PLL0:inst2|altpll:altpll_component|_clk4'
Slack : 1.121
TNS   : 0.000

Type  : Slow Model Removal 'PLL0:inst2|altpll:altpll_component|_clk2'
Slack : 1.137
TNS   : 0.000

Type  : Slow Model Removal 'inst85'
Slack : 12.603
TNS   : 0.000

Type  : Slow Model Minimum Pulse Width 'PLL0:inst2|altpll:altpll_component|_clk4'
Slack : 1.713
TNS   : 0.000

Type  : Slow Model Minimum Pulse Width 'PLL0:inst2|altpll:altpll_component|_clk0'
Slack : 11.269
TNS   : 0.000

Type  : Slow Model Minimum Pulse Width 'inst85'
Slack : 11.680
TNS   : 0.000

Type  : Slow Model Minimum Pulse Width 'CLK40DES1'
Slack : 12.500
TNS   : 0.000

Type  : Slow Model Minimum Pulse Width 'PLL0:inst2|altpll:altpll_component|_clk1'
Slack : 24.180
TNS   : 0.000

Type  : Slow Model Minimum Pulse Width 'PLL0:inst2|altpll:altpll_component|_clk2'
Slack : 48.769
TNS   : 0.000

Type  : Slow Model Minimum Pulse Width 'altera_reserved_tck'
Slack : 97.778
TNS   : 0.000

Type  : Fast Model Setup 'PLL0:inst2|altpll:altpll_component|_clk4'
Slack : 2.187
TNS   : 0.000

Type  : Fast Model Setup 'PLL0:inst2|altpll:altpll_component|_clk0'
Slack : 5.108
TNS   : 0.000

Type  : Fast Model Setup 'PLL0:inst2|altpll:altpll_component|_clk1'
Slack : 5.427
TNS   : 0.000

Type  : Fast Model Setup 'PLL0:inst2|altpll:altpll_component|_clk2'
Slack : 9.594
TNS   : 0.000

Type  : Fast Model Setup 'inst85'
Slack : 23.532
TNS   : 0.000

Type  : Fast Model Hold 'PLL0:inst2|altpll:altpll_component|_clk0'
Slack : 0.168
TNS   : 0.000

Type  : Fast Model Hold 'PLL0:inst2|altpll:altpll_component|_clk4'
Slack : 0.212
TNS   : 0.000

Type  : Fast Model Hold 'PLL0:inst2|altpll:altpll_component|_clk2'
Slack : 0.213
TNS   : 0.000

Type  : Fast Model Hold 'PLL0:inst2|altpll:altpll_component|_clk1'
Slack : 0.227
TNS   : 0.000

Type  : Fast Model Hold 'inst85'
Slack : 0.378
TNS   : 0.000

Type  : Fast Model Recovery 'PLL0:inst2|altpll:altpll_component|_clk4'
Slack : 1.996
TNS   : 0.000

Type  : Fast Model Recovery 'PLL0:inst2|altpll:altpll_component|_clk0'
Slack : 10.211
TNS   : 0.000

Type  : Fast Model Recovery 'PLL0:inst2|altpll:altpll_component|_clk2'
Slack : 10.510
TNS   : 0.000

Type  : Fast Model Recovery 'PLL0:inst2|altpll:altpll_component|_clk1'
Slack : 11.518
TNS   : 0.000

Type  : Fast Model Recovery 'inst85'
Slack : 12.025
TNS   : 0.000

Type  : Fast Model Removal 'PLL0:inst2|altpll:altpll_component|_clk0'
Slack : 0.117
TNS   : 0.000

Type  : Fast Model Removal 'PLL0:inst2|altpll:altpll_component|_clk2'
Slack : 0.220
TNS   : 0.000

Type  : Fast Model Removal 'PLL0:inst2|altpll:altpll_component|_clk1'
Slack : 0.354
TNS   : 0.000

Type  : Fast Model Removal 'PLL0:inst2|altpll:altpll_component|_clk4'
Slack : 0.412
TNS   : 0.000

Type  : Fast Model Removal 'inst85'
Slack : 12.503
TNS   : 0.000

Type  : Fast Model Minimum Pulse Width 'PLL0:inst2|altpll:altpll_component|_clk4'
Slack : 2.073
TNS   : 0.000

Type  : Fast Model Minimum Pulse Width 'PLL0:inst2|altpll:altpll_component|_clk0'
Slack : 11.583
TNS   : 0.000

Type  : Fast Model Minimum Pulse Width 'inst85'
Slack : 11.870
TNS   : 0.000

Type  : Fast Model Minimum Pulse Width 'CLK40DES1'
Slack : 12.500
TNS   : 0.000

Type  : Fast Model Minimum Pulse Width 'PLL0:inst2|altpll:altpll_component|_clk1'
Slack : 24.370
TNS   : 0.000

Type  : Fast Model Minimum Pulse Width 'PLL0:inst2|altpll:altpll_component|_clk2'
Slack : 49.083
TNS   : 0.000

Type  : Fast Model Minimum Pulse Width 'altera_reserved_tck'
Slack : 98.000
TNS   : 0.000

------------------------------------------------------------
