Flow report for ddl_ctrlr
Fri Dec 12 19:06:58 2014
Quartus II 64-Bit Version 10.1 Build 197 01/19/2011 Service Pack 1 SJ Full Version


---------------------
; Table of Contents ;
---------------------
  1. Legal Notice
  2. Flow Summary
  3. Flow Settings
  4. Flow Non-Default Global Settings
  5. Flow Elapsed Time
  6. Flow OS Summary
  7. Flow Log



----------------
; Legal Notice ;
----------------
Copyright (C) 1991-2011 Altera Corporation
Your use of Altera Corporation's design tools, logic functions 
and other software and tools, and its AMPP partner logic 
functions, and any output files from any of the foregoing 
(including device programming or simulation files), and any 
associated documentation or information are expressly subject 
to the terms and conditions of the Altera Program License 
Subscription Agreement, Altera MegaCore Function License 
Agreement, or other applicable license agreement, including, 
without limitation, that your use is for the sole purpose of 
programming logic devices manufactured by Altera and sold by 
Altera or its authorized distributors.  Please refer to the 
applicable agreement for further details.



+--------------------------------------------------------------------------------+
; Flow Summary                                                                   ;
+-------------------------------+------------------------------------------------+
; Flow Status                   ; Successful - Fri Dec 12 19:06:57 2014          ;
; Quartus II 64-Bit Version     ; 10.1 Build 197 01/19/2011 SP 1 SJ Full Version ;
; Revision Name                 ; ddl_ctrlr                                      ;
; Top-level Entity Name         ; ddl_ctrlr                                      ;
; Family                        ; Stratix II                                     ;
; Device                        ; EP2S15F484C5                                   ;
; Timing Models                 ; Final                                          ;
; Logic utilization             ; 10 %                                           ;
;     Combinational ALUTs       ; 1,039 / 12,480 ( 8 % )                         ;
;     Dedicated logic registers ; 733 / 12,480 ( 6 % )                           ;
; Total registers               ; 733                                            ;
; Total pins                    ; 109 / 343 ( 32 % )                             ;
; Total virtual pins            ; 0                                              ;
; Total block memory bits       ; 32,768 / 419,328 ( 8 % )                       ;
; DSP block 9-bit elements      ; 0 / 96 ( 0 % )                                 ;
; Total PLLs                    ; 1 / 6 ( 17 % )                                 ;
; Total DLLs                    ; 0 / 2 ( 0 % )                                  ;
+-------------------------------+------------------------------------------------+


+-----------------------------------------+
; Flow Settings                           ;
+-------------------+---------------------+
; Option            ; Setting             ;
+-------------------+---------------------+
; Start date & time ; 12/12/2014 19:06:17 ;
; Main task         ; Compilation         ;
; Revision Name     ; ddl_ctrlr           ;
+-------------------+---------------------+


+----------------------------------------------------------------------------------------------------------------------------------------------------------------------------------------------------------------------------------------------------------------------------------------------------------------------------------+
; Flow Non-Default Global Settings                                                                                                                                                                                                                                                                                                 ;
+---------------------------------------------------+------------------------------------------------------------------------------------------------------------------------------------------------------------------------------------------------------------------+--------------------------------+-------------+------------+
; Assignment Name                                   ; Value                                                                                                                                                                                                            ; Default Value                  ; Entity Name ; Section Id ;
+---------------------------------------------------+------------------------------------------------------------------------------------------------------------------------------------------------------------------------------------------------------------------+--------------------------------+-------------+------------+
; ADV_NETLIST_OPT_SYNTH_GATE_RETIME                 ; On                                                                                                                                                                                                               ; Off                            ; --          ; --         ;
; ADV_NETLIST_OPT_SYNTH_WYSIWYG_REMAP               ; On                                                                                                                                                                                                               ; Off                            ; --          ; --         ;
; AUTO_ENABLE_SMART_COMPILE                         ; On                                                                                                                                                                                                               ; --                             ; --          ; --         ;
; COMPILER_SIGNATURE_ID                             ; 147329319576.141840757604524                                                                                                                                                                                     ; --                             ; --          ; --         ;
; ENABLE_DA_RULE                                    ; C101, C102, C103, C104, C105, C106, R101, R102, R103, R104, R105, T101, T102, A101, A102, A103, A104, A105, A106, A107, A108, A109, A110, S101, S102, S103, S104, D101, D102, D103, M101, M102, M103, M104, M105 ; --                             ; --          ; --         ;
; ENABLE_SIGNALTAP                                  ; Off                                                                                                                                                                                                              ; --                             ; --          ; --         ;
; FMAX_REQUIREMENT                                  ; 50 MHz                                                                                                                                                                                                           ; --                             ; --          ; --         ;
; HUB_INSTANCE_NAME                                 ; auto_hub                                                                                                                                                                                                         ; sld_hub_inst                   ; --          ; --         ;
; MAX_CORE_JUNCTION_TEMP                            ; 85                                                                                                                                                                                                               ; --                             ; --          ; --         ;
; MIN_CORE_JUNCTION_TEMP                            ; 0                                                                                                                                                                                                                ; --                             ; --          ; --         ;
; MISC_FILE                                         ; C:/HMPID-FPGA/RCB_P2_24 - Copy/ddl_ctrlr.dpf                                                                                                                                                                     ; --                             ; --          ; --         ;
; OPTIMIZE_HOLD_TIMING                              ; All Paths                                                                                                                                                                                                        ; IO Paths and Minimum TPD Paths ; --          ; --         ;
; OPTIMIZE_MULTI_CORNER_TIMING                      ; On                                                                                                                                                                                                               ; Off                            ; --          ; --         ;
; OPTIMIZE_POWER_DURING_FITTING                     ; Extra effort                                                                                                                                                                                                     ; Normal compilation             ; --          ; --         ;
; PARTITION_COLOR                                   ; 16764057                                                                                                                                                                                                         ; --                             ; --          ; Top        ;
; PARTITION_FITTER_PRESERVATION_LEVEL               ; PLACEMENT_AND_ROUTING                                                                                                                                                                                            ; --                             ; --          ; Top        ;
; PARTITION_NETLIST_TYPE                            ; SOURCE                                                                                                                                                                                                           ; --                             ; --          ; Top        ;
; PHYSICAL_SYNTHESIS_ASYNCHRONOUS_SIGNAL_PIPELINING ; On                                                                                                                                                                                                               ; Off                            ; --          ; --         ;
; PHYSICAL_SYNTHESIS_COMBO_LOGIC                    ; On                                                                                                                                                                                                               ; Off                            ; --          ; --         ;
; PHYSICAL_SYNTHESIS_EFFORT                         ; Extra                                                                                                                                                                                                            ; Normal                         ; --          ; --         ;
; PHYSICAL_SYNTHESIS_REGISTER_DUPLICATION           ; On                                                                                                                                                                                                               ; Off                            ; --          ; --         ;
; PHYSICAL_SYNTHESIS_REGISTER_RETIMING              ; On                                                                                                                                                                                                               ; Off                            ; --          ; --         ;
; PLACEMENT_EFFORT_MULTIPLIER                       ; 1.5                                                                                                                                                                                                              ; 1.0                            ; --          ; --         ;
; POWER_BOARD_THERMAL_MODEL                         ; None (CONSERVATIVE)                                                                                                                                                                                              ; --                             ; --          ; --         ;
; POWER_PRESET_COOLING_SOLUTION                     ; 23 MM HEAT SINK WITH 200 LFPM AIRFLOW                                                                                                                                                                            ; --                             ; --          ; --         ;
; ROUTER_EFFORT_MULTIPLIER                          ; 1.5                                                                                                                                                                                                              ; 1.0                            ; --          ; --         ;
; ROUTER_TIMING_OPTIMIZATION_LEVEL                  ; MAXIMUM                                                                                                                                                                                                          ; Normal                         ; --          ; --         ;
; SAFE_STATE_MACHINE                                ; On                                                                                                                                                                                                               ; Off                            ; --          ; --         ;
; SMART_RECOMPILE                                   ; On                                                                                                                                                                                                               ; Off                            ; --          ; --         ;
; STRATIXII_OPTIMIZATION_TECHNIQUE                  ; Speed                                                                                                                                                                                                            ; Balanced                       ; --          ; --         ;
; SYNTH_GATED_CLOCK_CONVERSION                      ; On                                                                                                                                                                                                               ; Off                            ; --          ; --         ;
; TIMEQUEST_DO_REPORT_TIMING                        ; On                                                                                                                                                                                                               ; Off                            ; --          ; --         ;
; TSU_REQUIREMENT                                   ; 3 ns                                                                                                                                                                                                             ; --                             ; --          ; --         ;
; USE_SIGNALTAP_FILE                                ; stp1.stp                                                                                                                                                                                                         ; --                             ; --          ; --         ;
+---------------------------------------------------+------------------------------------------------------------------------------------------------------------------------------------------------------------------------------------------------------------------+--------------------------------+-------------+------------+


+-------------------------------------------------------------------------------------------------------------------------------+
; Flow Elapsed Time                                                                                                             ;
+---------------------------+--------------+-------------------------+---------------------+------------------------------------+
; Module Name               ; Elapsed Time ; Average Processors Used ; Peak Virtual Memory ; Total CPU Time (on all processors) ;
+---------------------------+--------------+-------------------------+---------------------+------------------------------------+
; Analysis & Synthesis      ; 00:00:15     ; 1.0                     ; 404 MB              ; 00:00:14                           ;
; Fitter                    ; 00:00:20     ; 2.4                     ; 556 MB              ; 00:00:24                           ;
; Assembler                 ; 00:00:02     ; 1.0                     ; 336 MB              ; 00:00:01                           ;
; TimeQuest Timing Analyzer ; 00:00:03     ; 1.7                     ; 344 MB              ; 00:00:02                           ;
; Total                     ; 00:00:40     ; --                      ; --                  ; 00:00:41                           ;
+---------------------------+--------------+-------------------------+---------------------+------------------------------------+


+----------------------------------------------------------------------------------------+
; Flow OS Summary                                                                        ;
+---------------------------+------------------+-----------+------------+----------------+
; Module Name               ; Machine Hostname ; OS Name   ; OS Version ; Processor type ;
+---------------------------+------------------+-----------+------------+----------------+
; Analysis & Synthesis      ; HMPIDFE1         ; Windows 7 ; 6.1        ; x86_64         ;
; Fitter                    ; HMPIDFE1         ; Windows 7 ; 6.1        ; x86_64         ;
; Assembler                 ; HMPIDFE1         ; Windows 7 ; 6.1        ; x86_64         ;
; TimeQuest Timing Analyzer ; HMPIDFE1         ; Windows 7 ; 6.1        ; x86_64         ;
+---------------------------+------------------+-----------+------------+----------------+


------------
; Flow Log ;
------------
quartus_map --read_settings_files=on --write_settings_files=off rcb_ctrlr -c ddl_ctrlr
quartus_fit --read_settings_files=off --write_settings_files=off rcb_ctrlr -c ddl_ctrlr
quartus_asm --read_settings_files=off --write_settings_files=off rcb_ctrlr -c ddl_ctrlr
quartus_sta rcb_ctrlr -c ddl_ctrlr



