------------------------------------------------------------
TimeQuest Timing Analyzer Summary
------------------------------------------------------------

Type  : Slow Model Setup 'PLL0:inst2|altpll:altpll_component|_clk4'
Slack : 0.708
TNS   : 0.000

Type  : Slow Model Setup 'PLL0:inst2|altpll:altpll_component|_clk1'
Slack : 3.814
TNS   : 0.000

Type  : Slow Model Setup 'PLL0:inst2|altpll:altpll_component|_clk0'
Slack : 4.052
TNS   : 0.000

Type  : Slow Model Setup 'PLL0:inst2|altpll:altpll_component|_clk2'
Slack : 7.279
TNS   : 0.000

Type  : Slow Model Setup 'inst85'
Slack : 22.049
TNS   : 0.000

Type  : Slow Model Hold 'PLL0:inst2|altpll:altpll_component|_clk0'
Slack : 0.457
TNS   : 0.000

Type  : Slow Model Hold 'PLL0:inst2|altpll:altpll_component|_clk2'
Slack : 0.457
TNS   : 0.000

Type  : Slow Model Hold 'PLL0:inst2|altpll:altpll_component|_clk4'
Slack : 0.457
TNS   : 0.000

Type  : Slow Model Hold 'PLL0:inst2|altpll:altpll_component|_clk1'
Slack : 0.545
TNS   : 0.000

Type  : Slow Model Hold 'inst85'
Slack : 0.744
TNS   : 0.000

Type  : Slow Model Recovery 'PLL0:inst2|altpll:altpll_component|_clk4'
Slack : 0.443
TNS   : 0.000

Type  : Slow Model Recovery 'PLL0:inst2|altpll:altpll_component|_clk0'
Slack : 6.114
TNS   : 0.000

Type  : Slow Model Recovery 'PLL0:inst2|altpll:altpll_component|_clk2'
Slack : 8.130
TNS   : 0.000

Type  : Slow Model Recovery 'PLL0:inst2|altpll:altpll_component|_clk1'
Slack : 10.082
TNS   : 0.000

Type  : Slow Model Recovery 'inst85'
Slack : 10.865
TNS   : 0.000

Type  : Slow Model Removal 'PLL0:inst2|altpll:altpll_component|_clk2'
Slack : 0.908
TNS   : 0.000

Type  : Slow Model Removal 'PLL0:inst2|altpll:altpll_component|_clk0'
Slack : 1.048
TNS   : 0.000

Type  : Slow Model Removal 'PLL0:inst2|altpll:altpll_component|_clk1'
Slack : 1.285
TNS   : 0.000

Type  : Slow Model Removal 'PLL0:inst2|altpll:altpll_component|_clk4'
Slack : 1.742
TNS   : 0.000

Type  : Slow Model Removal 'inst85'
Slack : 13.133
TNS   : 0.000

Type  : Slow Model Minimum Pulse Width 'PLL0:inst2|altpll:altpll_component|_clk4'
Slack : 2.305
TNS   : 0.000

Type  : Slow Model Minimum Pulse Width 'PLL0:inst2|altpll:altpll_component|_clk0'
Slack : 11.092
TNS   : 0.000

Type  : Slow Model Minimum Pulse Width 'inst85'
Slack : 11.680
TNS   : 0.000

Type  : Slow Model Minimum Pulse Width 'CLK40DES1'
Slack : 12.500
TNS   : 0.000

Type  : Slow Model Minimum Pulse Width 'PLL0:inst2|altpll:altpll_component|_clk1'
Slack : 24.180
TNS   : 0.000

Type  : Slow Model Minimum Pulse Width 'PLL0:inst2|altpll:altpll_component|_clk2'
Slack : 48.769
TNS   : 0.000

Type  : Slow Model Minimum Pulse Width 'altera_reserved_tck'
Slack : 97.778
TNS   : 0.000

Type  : Fast Model Setup 'PLL0:inst2|altpll:altpll_component|_clk4'
Slack : 2.031
TNS   : 0.000

Type  : Fast Model Setup 'PLL0:inst2|altpll:altpll_component|_clk1'
Slack : 5.219
TNS   : 0.000

Type  : Fast Model Setup 'PLL0:inst2|altpll:altpll_component|_clk0'
Slack : 5.261
TNS   : 0.000

Type  : Fast Model Setup 'PLL0:inst2|altpll:altpll_component|_clk2'
Slack : 10.170
TNS   : 0.000

Type  : Fast Model Setup 'inst85'
Slack : 23.554
TNS   : 0.000

Type  : Fast Model Hold 'PLL0:inst2|altpll:altpll_component|_clk0'
Slack : 0.077
TNS   : 0.000

Type  : Fast Model Hold 'PLL0:inst2|altpll:altpll_component|_clk2'
Slack : 0.216
TNS   : 0.000

Type  : Fast Model Hold 'PLL0:inst2|altpll:altpll_component|_clk4'
Slack : 0.222
TNS   : 0.000

Type  : Fast Model Hold 'PLL0:inst2|altpll:altpll_component|_clk1'
Slack : 0.235
TNS   : 0.000

Type  : Fast Model Hold 'inst85'
Slack : 0.378
TNS   : 0.000

Type  : Fast Model Recovery 'PLL0:inst2|altpll:altpll_component|_clk4'
Slack : 1.940
TNS   : 0.000

Type  : Fast Model Recovery 'PLL0:inst2|altpll:altpll_component|_clk0'
Slack : 9.685
TNS   : 0.000

Type  : Fast Model Recovery 'PLL0:inst2|altpll:altpll_component|_clk2'
Slack : 10.660
TNS   : 0.000

Type  : Fast Model Recovery 'PLL0:inst2|altpll:altpll_component|_clk1'
Slack : 11.404
TNS   : 0.000

Type  : Fast Model Recovery 'inst85'
Slack : 11.712
TNS   : 0.000

Type  : Fast Model Removal 'PLL0:inst2|altpll:altpll_component|_clk2'
Slack : 0.116
TNS   : 0.000

Type  : Fast Model Removal 'PLL0:inst2|altpll:altpll_component|_clk0'
Slack : 0.153
TNS   : 0.000

Type  : Fast Model Removal 'PLL0:inst2|altpll:altpll_component|_clk1'
Slack : 0.258
TNS   : 0.000

Type  : Fast Model Removal 'PLL0:inst2|altpll:altpll_component|_clk4'
Slack : 0.623
TNS   : 0.000

Type  : Fast Model Removal 'inst85'
Slack : 12.705
TNS   : 0.000

Type  : Fast Model Minimum Pulse Width 'PLL0:inst2|altpll:altpll_component|_clk4'
Slack : 2.495
TNS   : 0.000

Type  : Fast Model Minimum Pulse Width 'PLL0:inst2|altpll:altpll_component|_clk0'
Slack : 11.448
TNS   : 0.000

Type  : Fast Model Minimum Pulse Width 'inst85'
Slack : 11.870
TNS   : 0.000

Type  : Fast Model Minimum Pulse Width 'CLK40DES1'
Slack : 12.500
TNS   : 0.000

Type  : Fast Model Minimum Pulse Width 'PLL0:inst2|altpll:altpll_component|_clk1'
Slack : 24.370
TNS   : 0.000

Type  : Fast Model Minimum Pulse Width 'PLL0:inst2|altpll:altpll_component|_clk2'
Slack : 49.083
TNS   : 0.000

Type  : Fast Model Minimum Pulse Width 'altera_reserved_tck'
Slack : 98.000
TNS   : 0.000

------------------------------------------------------------
