Partition Merge report for ddl_ctrlr
Wed Jun 19 21:32:48 2013
Quartus II 64-Bit Version 12.0 Build 178 05/31/2012 SJ Full Version


---------------------
; Table of Contents ;
---------------------
  1. Legal Notice
  2. Partition Merge Summary
  3. Partition Merge Netlist Types Used
  4. Partition Merge Partition Statistics
  5. Partition Merge Resource Usage Summary
  6. Partition Merge RAM Summary
  7. Partition Merge Messages



----------------
; Legal Notice ;
----------------
Copyright (C) 1991-2012 Altera Corporation
Your use of Altera Corporation's design tools, logic functions 
and other software and tools, and its AMPP partner logic 
functions, and any output files from any of the foregoing 
(including device programming or simulation files), and any 
associated documentation or information are expressly subject 
to the terms and conditions of the Altera Program License 
Subscription Agreement, Altera MegaCore Function License 
Agreement, or other applicable license agreement, including, 
without limitation, that your use is for the sole purpose of 
programming logic devices manufactured by Altera and sold by 
Altera or its authorized distributors.  Please refer to the 
applicable agreement for further details.



+---------------------------------------------------------------------------+
; Partition Merge Summary                                                   ;
+-------------------------------+-------------------------------------------+
; Partition Merge Status        ; Successful - Wed Jun 19 21:32:48 2013     ;
; Quartus II 64-Bit Version     ; 12.0 Build 178 05/31/2012 SJ Full Version ;
; Revision Name                 ; ddl_ctrlr                                 ;
; Top-level Entity Name         ; ddl_ctrlr                                 ;
; Family                        ; Stratix II                                ;
; Logic utilization             ; N/A                                       ;
;     Combinational ALUTs       ; 913                                       ;
;     Dedicated logic registers ; 737                                       ;
; Total registers               ; 737                                       ;
; Total pins                    ; 144                                       ;
; Total virtual pins            ; 0                                         ;
; Total block memory bits       ; 32,768                                    ;
; DSP block 9-bit elements      ; 0                                         ;
; Total PLLs                    ; 1                                         ;
; Total DLLs                    ; 0                                         ;
+-------------------------------+-------------------------------------------+


+-------------------------------------------------------------------------------------------------------------------------------+
; Partition Merge Netlist Types Used                                                                                            ;
+--------------------------------+----------------+-------------------+------------------------+--------------------------------+
; Partition Name                 ; Partition Type ; Netlist Type Used ; Netlist Type Requested ; Partition Contents             ;
+--------------------------------+----------------+-------------------+------------------------+--------------------------------+
; Top                            ; User-created   ; Post-Synthesis    ; Post-Synthesis         ;                                ;
; hard_block:auto_generated_inst ; Auto-generated ; Source File       ; Source File            ; hard_block:auto_generated_inst ;
+--------------------------------+----------------+-------------------+------------------------+--------------------------------+


+----------------------------------------------------------------------------------------+
; Partition Merge Partition Statistics                                                   ;
+-----------------------------------------------+-------+--------------------------------+
; Statistic                                     ; Top   ; hard_block:auto_generated_inst ;
+-----------------------------------------------+-------+--------------------------------+
; Estimated ALUTs Used                          ; 913   ; 0                              ;
; Dedicated logic registers                     ; 737   ; 0                              ;
;                                               ;       ;                                ;
; Estimated ALUTs Unavailable                   ; 2     ; 0                              ;
;                                               ;       ;                                ;
; Total combinational functions                 ; 913   ; 0                              ;
; Combinational ALUT usage by number of inputs  ;       ;                                ;
;     -- 7 input functions                      ; 2     ; 0                              ;
;     -- 6 input functions                      ; 138   ; 0                              ;
;     -- 5 input functions                      ; 141   ; 0                              ;
;     -- 4 input functions                      ; 136   ; 0                              ;
;     -- <=3 input functions                    ; 496   ; 0                              ;
;                                               ;       ;                                ;
; Combinational ALUTs by mode                   ;       ;                                ;
;     -- normal mode                            ; 687   ; 0                              ;
;     -- extended LUT mode                      ; 2     ; 0                              ;
;     -- arithmetic mode                        ; 224   ; 0                              ;
;     -- shared arithmetic mode                 ; 0     ; 0                              ;
;                                               ;       ;                                ;
; Estimated ALUT/register pairs used            ; 1257  ; 0                              ;
;                                               ;       ;                                ;
; Total registers                               ; 737   ; 0                              ;
;     -- Dedicated logic registers              ; 737   ; 0                              ;
;     -- I/O registers                          ; 0     ; 0                              ;
;                                               ;       ;                                ;
; Estimated ALMs:  partially or completely used ; 644   ; 0                              ;
;                                               ;       ;                                ;
; Virtual pins                                  ; 0     ; 0                              ;
; I/O pins                                      ; 144   ; 0                              ;
; DSP block 9-bit elements                      ; 0     ; 0                              ;
; Total block memory bits                       ; 32768 ; 0                              ;
; Total block memory implementation bits        ; 0     ; 0                              ;
; PLL                                           ; 0     ; 1                              ;
; Remote update block                           ; 1     ; 0                              ;
;                                               ;       ;                                ;
; Connections                                   ;       ;                                ;
;     -- Input Connections                      ; 336   ; 1                              ;
;     -- Registered Input Connections           ; 332   ; 0                              ;
;     -- Output Connections                     ; 1     ; 336                            ;
;     -- Registered Output Connections          ; 0     ; 0                              ;
;                                               ;       ;                                ;
; Internal Connections                          ;       ;                                ;
;     -- Total Connections                      ; 6537  ; 337                            ;
;     -- Registered Connections                 ; 3152  ; 0                              ;
;                                               ;       ;                                ;
; External Connections                          ;       ;                                ;
;     -- Top                                    ; 0     ; 337                            ;
;     -- hard_block:auto_generated_inst         ; 337   ; 0                              ;
;                                               ;       ;                                ;
; Partition Interface                           ;       ;                                ;
;     -- Input Ports                            ; 76    ; 1                              ;
;     -- Output Ports                           ; 34    ; 5                              ;
;     -- Bidir Ports                            ; 34    ; 0                              ;
;                                               ;       ;                                ;
; Registered Ports                              ;       ;                                ;
;     -- Registered Input Ports                 ; 0     ; 0                              ;
;     -- Registered Output Ports                ; 0     ; 0                              ;
;                                               ;       ;                                ;
; Port Connectivity                             ;       ;                                ;
;     -- Input Ports driven by GND              ; 0     ; 0                              ;
;     -- Output Ports driven by GND             ; 0     ; 0                              ;
;     -- Input Ports driven by VCC              ; 0     ; 0                              ;
;     -- Output Ports driven by VCC             ; 0     ; 0                              ;
;     -- Input Ports with no Source             ; 0     ; 0                              ;
;     -- Output Ports with no Source            ; 0     ; 0                              ;
;     -- Input Ports with no Fanout             ; 0     ; 0                              ;
;     -- Output Ports with no Fanout            ; 0     ; 0                              ;
+-----------------------------------------------+-------+--------------------------------+
Note: Resource usage numbers presented for Partitions containing post-synthesis logic are estimates.  For Partitions containing post-fit logic, resource usage numbers are accurate based on previous placement information.  Actual Fitter results may vary depending on current Fitter Preservation Level assignments.


+---------------------------------------------------------------------+
; Partition Merge Resource Usage Summary                              ;
+----------------------------------------------+----------------------+
; Resource                                     ; Usage                ;
+----------------------------------------------+----------------------+
; Estimated ALUTs Used                         ; 913                  ;
; Dedicated logic registers                    ; 737                  ;
;                                              ;                      ;
; Estimated ALUTs Unavailable                  ; 2                    ;
;                                              ;                      ;
; Total combinational functions                ; 913                  ;
; Combinational ALUT usage by number of inputs ;                      ;
;     -- 7 input functions                     ; 2                    ;
;     -- 6 input functions                     ; 138                  ;
;     -- 5 input functions                     ; 141                  ;
;     -- 4 input functions                     ; 136                  ;
;     -- <=3 input functions                   ; 496                  ;
;                                              ;                      ;
; Combinational ALUTs by mode                  ;                      ;
;     -- normal mode                           ; 687                  ;
;     -- extended LUT mode                     ; 2                    ;
;     -- arithmetic mode                       ; 224                  ;
;     -- shared arithmetic mode                ; 0                    ;
;                                              ;                      ;
; Estimated ALUT/register pairs used           ; 1122                 ;
;                                              ;                      ;
; Total registers                              ; 737                  ;
;     -- Dedicated logic registers             ; 737                  ;
;     -- I/O registers                         ; 0                    ;
;                                              ;                      ;
;                                              ;                      ;
; I/O pins                                     ; 144                  ;
; Total block memory bits                      ; 32768                ;
; Total PLLs                                   ; 1                    ;
;     -- PLLs                                  ; 1                    ;
;                                              ;                      ;
; Maximum fan-out node                         ; ddlctrlr:inst|$00002 ;
; Maximum fan-out                              ; 335                  ;
; Total fan-out                                ; 6472                 ;
; Average fan-out                              ; 3.54                 ;
+----------------------------------------------+----------------------+


+--------------------------------------------------------------------------------------------------------------------------------------------------------------------------------------------------------------------------------+
; Partition Merge RAM Summary                                                                                                                                                                                                    ;
+---------------------------------------------------------------------------------------------------------------------------+------+------------------+--------------+--------------+--------------+--------------+-------+------+
; Name                                                                                                                      ; Type ; Mode             ; Port A Depth ; Port A Width ; Port B Depth ; Port B Width ; Size  ; MIF  ;
+---------------------------------------------------------------------------------------------------------------------------+------+------------------+--------------+--------------+--------------+--------------+-------+------+
; ddl_fifo:inst1|scfifo:scfifo_component|scfifo_hu31:auto_generated|a_dpfifo_o441:dpfifo|altsyncram_t3e1:FIFOram|ALTSYNCRAM ; AUTO ; Simple Dual Port ; 1024         ; 32           ; 1024         ; 32           ; 32768 ; None ;
+---------------------------------------------------------------------------------------------------------------------------+------+------------------+--------------+--------------+--------------+--------------+-------+------+


+--------------------------+
; Partition Merge Messages ;
+--------------------------+
Info: *******************************************************************
Info: Running Quartus II 64-Bit Partition Merge
    Info: Version 12.0 Build 178 05/31/2012 SJ Full Version
    Info: Processing started: Wed Jun 19 21:32:47 2013
Info: Command: quartus_cdb --read_settings_files=off --write_settings_files=off rcb_ctrlr -c ddl_ctrlr --merge=on
Critical Warning (138069): Setting INCREMENTAL_COMPILATION to "OFF" is no longer supported. Assignment is ignored. To disable partitions, set the IGNORE_PARTITIONS global assignment to "ON" instead.
Info (35007): Using synthesis netlist for partition "Top"
Info (35002): Resolved and merged 1 partition(s)
Info (16010): Generating hard_block partition "hard_block:auto_generated_inst"
    Info (16011): Adding 1 node(s), including 0 DDIO, 1 PLL, 0 transceiver and 0 LCELL
Warning (21074): Design contains 27 input pin(s) that do not drive logic
    Warning (15610): No output dependent on input pin "BCNTRES"
    Warning (15610): No output dependent on input pin "EVCNTHStr"
    Warning (15610): No output dependent on input pin "EVCNTLStr"
    Warning (15610): No output dependent on input pin "SDA"
    Warning (15610): No output dependent on input pin "SCL"
    Warning (15610): No output dependent on input pin "EVCNTRES"
    Warning (15610): No output dependent on input pin "CLK_L1A"
    Warning (15610): No output dependent on input pin "BRCSTSTR2"
    Warning (15610): No output dependent on input pin "L1_EXT"
    Warning (15610): No output dependent on input pin "G_BUSY"
    Warning (15610): No output dependent on input pin "DBLERRStr"
    Warning (15610): No output dependent on input pin "SINERRStr"
    Warning (15610): No output dependent on input pin "CLK40DES2"
    Warning (15610): No output dependent on input pin "BRCSTSTR1"
    Warning (15610): No output dependent on input pin "CLK40DES1_1"
    Warning (15610): No output dependent on input pin "CLK40DES1_2"
    Warning (15610): No output dependent on input pin "CLK40DES1_3"
    Warning (15610): No output dependent on input pin "CLK40DES2_1"
    Warning (15610): No output dependent on input pin "SPARE1_TTL"
    Warning (15610): No output dependent on input pin "SPARE2_TTL"
    Warning (15610): No output dependent on input pin "IN_RESETn_from_TTCRX"
    Warning (15610): No output dependent on input pin "BRCST[7]"
    Warning (15610): No output dependent on input pin "BRCST[6]"
    Warning (15610): No output dependent on input pin "BRCST[5]"
    Warning (15610): No output dependent on input pin "BRCST[4]"
    Warning (15610): No output dependent on input pin "BRCST[3]"
    Warning (15610): No output dependent on input pin "BRCST[2]"
Info (21057): Implemented 1457 device resources after synthesis - the final resource count might be different
    Info (21058): Implemented 76 input pins
    Info (21059): Implemented 34 output pins
    Info (21060): Implemented 34 bidirectional pins
    Info (21061): Implemented 1279 logic cells
    Info (21064): Implemented 32 RAM segments
    Info (21065): Implemented 1 PLLs
Info: Quartus II 64-Bit Partition Merge was successful. 0 errors, 29 warnings
    Info: Peak virtual memory: 418 megabytes
    Info: Processing ended: Wed Jun 19 21:32:48 2013
    Info: Elapsed time: 00:00:01
    Info: Total CPU time (on all processors): 00:00:01


